test
 * Running on http://0.0.0.0:8000/ (Press CTRL+C to quit)
 * Restarting with inotify reloader
test
 * Running on http://0.0.0.0:8000/ (Press CTRL+C to quit)
 * Restarting with inotify reloader
